// Jest Snapshot v1, https://goo.gl/fbAQLP

exports[`SideBarFooter renders SideBarFooter 1`] = `ShallowWrapper {}`;
