// Jest Snapshot v1, https://goo.gl/fbAQLP

exports[`VideoGridHeader renders VideoGridHeader 1`] = `ShallowWrapper {}`;
