// Jest Snapshot v1, https://goo.gl/fbAQLP

exports[`Subscriptions renders Subscriptions 1`] = `ShallowWrapper {}`;
