// Jest Snapshot v1, https://goo.gl/fbAQLP

exports[`RelatedVideos renders RelatedVideos 1`] = `ShallowWrapper {}`;
