// Jest Snapshot v1, https://goo.gl/fbAQLP

exports[`NextUpVideo renders NextUpVideo 1`] = `ShallowWrapper {}`;
