// Jest Snapshot v1, https://goo.gl/fbAQLP

exports[`VideoInfoBox renders VideoInfoBox 1`] = `ShallowWrapper {}`;

exports[`VideoInfoBox renders expanded 1`] = `ShallowWrapper {}`;
