// Jest Snapshot v1, https://goo.gl/fbAQLP

exports[`AddComment renders AddComment 1`] = `ShallowWrapper {}`;
