// Jest Snapshot v1, https://goo.gl/fbAQLP

exports[`SideBar renders SideBar 1`] = `ShallowWrapper {}`;
