// Jest Snapshot v1, https://goo.gl/fbAQLP

exports[`Subscription renders Subscription 1`] = `ShallowWrapper {}`;

exports[`Subscription renders Subscription with amount of new subs 1`] = `ShallowWrapper {}`;

exports[`Subscription renders Subscription with broadcasting 1`] = `ShallowWrapper {}`;
